// Jest Snapshot v1, https://goo.gl/fbAQLP

exports[`Render PlayButton Render PlayButton 1`] = `
<a
  className="btn btn--play movie-card__button"
  href="/player/1"
  onClick={[Function]}
  type="button"
>
  <svg
    height="19"
    viewBox="0 0 19 19"
    width="19"
  >
    <use
      href="#play-s"
    />
  </svg>
  <span>
    Play
  </span>
</a>
`;
