// Jest Snapshot v1, https://goo.gl/fbAQLP

exports[`Render MovieReviews Render MovieReviews 1`] = `
Array [
  <blockquote
    className="review__quote"
  >
    <p
      className="review__text"
    >
      Discerning travellers and Wes Anderson fans will luxuriate in the glorious Mittel-European kitsch of one of the director's funniest and most exquisitely designed movies in years.
    </p>
    <footer
      className="review__details"
    >
      <cite
        className="review__author"
      >
        Kate Muir
      </cite>
      <time
        className="review__date"
        dateTime="May 8, 2019"
      >
        May 8, 2019
      </time>
    </footer>
  </blockquote>,
  <div
    className="review__rating"
  >
    8.9
  </div>,
]
`;
