// Jest Snapshot v1, https://goo.gl/fbAQLP

exports[`Render FormErrors Render FormErrors 1`] = `
<p>
  Error
</p>
`;
