// Jest Snapshot v1, https://goo.gl/fbAQLP

exports[`Render MovieDesc Render MovieDesc 1`] = `
<div
  className="movie-card__desc"
>
  <nav
    className="movie-nav movie-card__nav"
  >
    <ul
      className="movie-nav__list"
    >
      <li
        className="movie-nav__item movie-nav__item--active"
      >
        <a
          className="movie-nav__link"
          href="#"
          onClick={[Function]}
        >
          Overview
        </a>
      </li>
      <li
        className="movie-nav__item "
      >
        <a
          className="movie-nav__link"
          href="#"
          onClick={[Function]}
        >
          Detail
        </a>
      </li>
      <li
        className="movie-nav__item "
      >
        <a
          className="movie-nav__link"
          href="#"
          onClick={[Function]}
        >
          Review
        </a>
      </li>
    </ul>
  </nav>
  <div
    className="movie-rating"
  >
    <div
      className="movie-rating__score"
    >
      9.8
    </div>
    <p
      className="movie-rating__meta"
    >
      <span
        className="movie-rating__level"
      >
        Very good
      </span>
      <span
        className="movie-rating__count"
      >
        240
         ratings
      </span>
    </p>
  </div>
  <div
    className="movie-card__text"
  >
    <p>
      In the 1930s, the Grand Budapest Hotel is a popular European ski resort, presided over by concierge Gustave H. (Ralph Fiennes). Zero, a junior lobby boy, becomes Gustaves friend and protege.  Gustave prides himself on providing first-class service to the hotels guests, including satisfying the sexual needs of the many elderly women who stay there. When one of Gustaves lovers dies mysteriously, Gustave finds himself the recipient of a priceless painting and the chief suspect in her murder.
    </p>
    <p
      className="movie-card__director"
    >
      <strong>
        Director: 
        Wes Andreson
      </strong>
    </p>
    <p
      className="movie-card__starring"
    >
      <strong>
        Starring: 
        Bill Murray, Edward Norton, Jude Law, Willem Dafoe, Saoirse Ronan, Tony Revoloru
         and other
      </strong>
    </p>
  </div>
</div>
`;
