// Jest Snapshot v1, https://goo.gl/fbAQLP

exports[`Render withActiveItem Render withActiveItem 1`] = `<div />`;
